Analysis & Elaboration report for vga
Thu Oct 09 00:45:08 2025
Quartus Prime Version 20.1.1 Build 720 11/11/2020 SJ Lite Edition


---------------------
; Table of Contents ;
---------------------
  1. Legal Notice
  2. Analysis & Elaboration Summary
  3. Parallel Compilation
  4. Parameter Settings for User Entity Instance: Top-level Entity: |juego_memoria
  5. Parameter Settings for User Entity Instance: temporizador_15s:u_timer
  6. Parameter Settings for User Entity Instance: temporizador_15s:u_timer|divisor_1hz_50m:udiv
  7. Analysis & Elaboration Settings
  8. Port Connectivity Checks: "temporizador_15s:u_timer|contador_4bit:ucnt|flip_flop:ff3"
  9. Port Connectivity Checks: "temporizador_15s:u_timer|contador_4bit:ucnt|flip_flop:ff2"
 10. Port Connectivity Checks: "temporizador_15s:u_timer|contador_4bit:ucnt|flip_flop:ff1"
 11. Port Connectivity Checks: "temporizador_15s:u_timer|contador_4bit:ucnt|flip_flop:ff0"
 12. Port Connectivity Checks: "temporizador_15s:u_timer|divisor_1hz_50m:udiv|flip_flop:ff25"
 13. Port Connectivity Checks: "temporizador_15s:u_timer|divisor_1hz_50m:udiv|flip_flop:ff24"
 14. Port Connectivity Checks: "temporizador_15s:u_timer|divisor_1hz_50m:udiv|flip_flop:ff23"
 15. Port Connectivity Checks: "temporizador_15s:u_timer|divisor_1hz_50m:udiv|flip_flop:ff22"
 16. Port Connectivity Checks: "temporizador_15s:u_timer|divisor_1hz_50m:udiv|flip_flop:ff21"
 17. Port Connectivity Checks: "temporizador_15s:u_timer|divisor_1hz_50m:udiv|flip_flop:ff20"
 18. Port Connectivity Checks: "temporizador_15s:u_timer|divisor_1hz_50m:udiv|flip_flop:ff19"
 19. Port Connectivity Checks: "temporizador_15s:u_timer|divisor_1hz_50m:udiv|flip_flop:ff18"
 20. Port Connectivity Checks: "temporizador_15s:u_timer|divisor_1hz_50m:udiv|flip_flop:ff17"
 21. Port Connectivity Checks: "temporizador_15s:u_timer|divisor_1hz_50m:udiv|flip_flop:ff16"
 22. Port Connectivity Checks: "temporizador_15s:u_timer|divisor_1hz_50m:udiv|flip_flop:ff15"
 23. Port Connectivity Checks: "temporizador_15s:u_timer|divisor_1hz_50m:udiv|flip_flop:ff14"
 24. Port Connectivity Checks: "temporizador_15s:u_timer|divisor_1hz_50m:udiv|flip_flop:ff13"
 25. Port Connectivity Checks: "temporizador_15s:u_timer|divisor_1hz_50m:udiv|flip_flop:ff12"
 26. Port Connectivity Checks: "temporizador_15s:u_timer|divisor_1hz_50m:udiv|flip_flop:ff11"
 27. Port Connectivity Checks: "temporizador_15s:u_timer|divisor_1hz_50m:udiv|flip_flop:ff10"
 28. Port Connectivity Checks: "temporizador_15s:u_timer|divisor_1hz_50m:udiv|flip_flop:ff9"
 29. Port Connectivity Checks: "temporizador_15s:u_timer|divisor_1hz_50m:udiv|flip_flop:ff8"
 30. Port Connectivity Checks: "temporizador_15s:u_timer|divisor_1hz_50m:udiv|flip_flop:ff7"
 31. Port Connectivity Checks: "temporizador_15s:u_timer|divisor_1hz_50m:udiv|flip_flop:ff6"
 32. Port Connectivity Checks: "temporizador_15s:u_timer|divisor_1hz_50m:udiv|flip_flop:ff5"
 33. Port Connectivity Checks: "temporizador_15s:u_timer|divisor_1hz_50m:udiv|flip_flop:ff4"
 34. Port Connectivity Checks: "temporizador_15s:u_timer|divisor_1hz_50m:udiv|flip_flop:ff3"
 35. Port Connectivity Checks: "temporizador_15s:u_timer|divisor_1hz_50m:udiv|flip_flop:ff2"
 36. Port Connectivity Checks: "temporizador_15s:u_timer|divisor_1hz_50m:udiv|flip_flop:ff1"
 37. Port Connectivity Checks: "temporizador_15s:u_timer|divisor_1hz_50m:udiv|flip_flop:ff0"
 38. Port Connectivity Checks: "temporizador_15s:u_timer"
 39. Port Connectivity Checks: "fsm_cartas:u_fsm"
 40. Analysis & Elaboration Messages



----------------
; Legal Notice ;
----------------
Copyright (C) 2020  Intel Corporation. All rights reserved.
Your use of Intel Corporation's design tools, logic functions 
and other software and tools, and any partner logic 
functions, and any output files from any of the foregoing 
(including device programming or simulation files), and any 
associated documentation or information are expressly subject 
to the terms and conditions of the Intel Program License 
Subscription Agreement, the Intel Quartus Prime License Agreement,
the Intel FPGA IP License Agreement, or other applicable license
agreement, including, without limitation, that your use is for
the sole purpose of programming logic devices manufactured by
Intel and sold by Intel or its authorized distributors.  Please
refer to the applicable agreement for further details, at
https://fpgasoftware.intel.com/eula.



+-----------------------------------------------------------------------------+
; Analysis & Elaboration Summary                                              ;
+-------------------------------+---------------------------------------------+
; Analysis & Elaboration Status ; Successful - Thu Oct 09 00:45:08 2025       ;
; Quartus Prime Version         ; 20.1.1 Build 720 11/11/2020 SJ Lite Edition ;
; Revision Name                 ; vga                                         ;
; Top-level Entity Name         ; juego_memoria                               ;
; Family                        ; Cyclone V                                   ;
; Logic utilization (in ALMs)   ; N/A until Partition Merge                   ;
; Total registers               ; N/A until Partition Merge                   ;
; Total pins                    ; N/A until Partition Merge                   ;
; Total virtual pins            ; N/A until Partition Merge                   ;
; Total block memory bits       ; N/A until Partition Merge                   ;
; Total PLLs                    ; N/A until Partition Merge                   ;
; Total DLLs                    ; N/A until Partition Merge                   ;
+-------------------------------+---------------------------------------------+


+------------------------------------------+
; Parallel Compilation                     ;
+----------------------------+-------------+
; Processors                 ; Number      ;
+----------------------------+-------------+
; Number detected on machine ; 16          ;
; Maximum allowed            ; 16          ;
;                            ;             ;
; Average used               ; 1.00        ;
; Maximum used               ; 1           ;
;                            ;             ;
; Usage by Processor         ; % Time Used ;
;     Processor 1            ; 100.0%      ;
+----------------------------+-------------+


+-------------------------------------------------------------------------------+
; Parameter Settings for User Entity Instance: Top-level Entity: |juego_memoria ;
+------------------+----------------------------+-------------------------------+
; Parameter Name   ; Value                      ; Type                          ;
+------------------+----------------------------+-------------------------------+
; TIMER_DIV_TARGET ; 10111110101111000001111111 ; Unsigned Binary               ;
+------------------+----------------------------+-------------------------------+
Note: In order to hide this table in the UI and the text report file, please set the "Show Parameter Settings in Synthesis Report" option in "Analysis and Synthesis Settings -> More Settings" to "Off".


+-----------------------------------------------------------------------+
; Parameter Settings for User Entity Instance: temporizador_15s:u_timer ;
+----------------+----------------------------+-------------------------+
; Parameter Name ; Value                      ; Type                    ;
+----------------+----------------------------+-------------------------+
; DIV_TARGET     ; 10111110101111000001111111 ; Unsigned Binary         ;
+----------------+----------------------------+-------------------------+
Note: In order to hide this table in the UI and the text report file, please set the "Show Parameter Settings in Synthesis Report" option in "Analysis and Synthesis Settings -> More Settings" to "Off".


+--------------------------------------------------------------------------------------------+
; Parameter Settings for User Entity Instance: temporizador_15s:u_timer|divisor_1hz_50m:udiv ;
+----------------+----------------------------+----------------------------------------------+
; Parameter Name ; Value                      ; Type                                         ;
+----------------+----------------------------+----------------------------------------------+
; TARGET         ; 10111110101111000001111111 ; Unsigned Binary                              ;
+----------------+----------------------------+----------------------------------------------+
Note: In order to hide this table in the UI and the text report file, please set the "Show Parameter Settings in Synthesis Report" option in "Analysis and Synthesis Settings -> More Settings" to "Off".


+---------------------------------------------------------------------------------------------------------------------------+
; Analysis & Elaboration Settings                                                                                           ;
+---------------------------------------------------------------------------------+--------------------+--------------------+
; Option                                                                          ; Setting            ; Default Value      ;
+---------------------------------------------------------------------------------+--------------------+--------------------+
; Device                                                                          ; 5CSXFC6D6F31C6     ;                    ;
; Top-level entity name                                                           ; juego_memoria      ; vga                ;
; Family name                                                                     ; Cyclone V          ; Cyclone V          ;
; Use smart compilation                                                           ; Off                ; Off                ;
; Enable parallel Assembler and Timing Analyzer during compilation                ; On                 ; On                 ;
; Enable compact report table                                                     ; Off                ; Off                ;
; Restructure Multiplexers                                                        ; Auto               ; Auto               ;
; MLAB Add Timing Constraints For Mixed-Port Feed-Through Mode Setting Don't Care ; Off                ; Off                ;
; Create Debugging Nodes for IP Cores                                             ; Off                ; Off                ;
; Preserve fewer node names                                                       ; On                 ; On                 ;
; Intel FPGA IP Evaluation Mode                                                   ; Enable             ; Enable             ;
; Verilog Version                                                                 ; Verilog_2001       ; Verilog_2001       ;
; VHDL Version                                                                    ; VHDL_1993          ; VHDL_1993          ;
; State Machine Processing                                                        ; Auto               ; Auto               ;
; Safe State Machine                                                              ; Off                ; Off                ;
; Extract Verilog State Machines                                                  ; On                 ; On                 ;
; Extract VHDL State Machines                                                     ; On                 ; On                 ;
; Ignore Verilog initial constructs                                               ; Off                ; Off                ;
; Iteration limit for constant Verilog loops                                      ; 5000               ; 5000               ;
; Iteration limit for non-constant Verilog loops                                  ; 250                ; 250                ;
; Add Pass-Through Logic to Inferred RAMs                                         ; On                 ; On                 ;
; Infer RAMs from Raw Logic                                                       ; On                 ; On                 ;
; Parallel Synthesis                                                              ; On                 ; On                 ;
; DSP Block Balancing                                                             ; Auto               ; Auto               ;
; NOT Gate Push-Back                                                              ; On                 ; On                 ;
; Power-Up Don't Care                                                             ; On                 ; On                 ;
; Remove Redundant Logic Cells                                                    ; Off                ; Off                ;
; Remove Duplicate Registers                                                      ; On                 ; On                 ;
; Ignore CARRY Buffers                                                            ; Off                ; Off                ;
; Ignore CASCADE Buffers                                                          ; Off                ; Off                ;
; Ignore GLOBAL Buffers                                                           ; Off                ; Off                ;
; Ignore ROW GLOBAL Buffers                                                       ; Off                ; Off                ;
; Ignore LCELL Buffers                                                            ; Off                ; Off                ;
; Ignore SOFT Buffers                                                             ; On                 ; On                 ;
; Limit AHDL Integers to 32 Bits                                                  ; Off                ; Off                ;
; Optimization Technique                                                          ; Balanced           ; Balanced           ;
; Carry Chain Length                                                              ; 70                 ; 70                 ;
; Auto Carry Chains                                                               ; On                 ; On                 ;
; Auto Open-Drain Pins                                                            ; On                 ; On                 ;
; Perform WYSIWYG Primitive Resynthesis                                           ; Off                ; Off                ;
; Auto ROM Replacement                                                            ; On                 ; On                 ;
; Auto RAM Replacement                                                            ; On                 ; On                 ;
; Auto DSP Block Replacement                                                      ; On                 ; On                 ;
; Auto Shift Register Replacement                                                 ; Auto               ; Auto               ;
; Allow Shift Register Merging across Hierarchies                                 ; Auto               ; Auto               ;
; Auto Clock Enable Replacement                                                   ; On                 ; On                 ;
; Strict RAM Replacement                                                          ; Off                ; Off                ;
; Allow Synchronous Control Signals                                               ; On                 ; On                 ;
; Force Use of Synchronous Clear Signals                                          ; Off                ; Off                ;
; Auto Resource Sharing                                                           ; Off                ; Off                ;
; Allow Any RAM Size For Recognition                                              ; Off                ; Off                ;
; Allow Any ROM Size For Recognition                                              ; Off                ; Off                ;
; Allow Any Shift Register Size For Recognition                                   ; Off                ; Off                ;
; Use LogicLock Constraints during Resource Balancing                             ; On                 ; On                 ;
; Ignore translate_off and synthesis_off directives                               ; Off                ; Off                ;
; Timing-Driven Synthesis                                                         ; On                 ; On                 ;
; Report Parameter Settings                                                       ; On                 ; On                 ;
; Report Source Assignments                                                       ; On                 ; On                 ;
; Report Connectivity Checks                                                      ; On                 ; On                 ;
; Ignore Maximum Fan-Out Assignments                                              ; Off                ; Off                ;
; Synchronization Register Chain Length                                           ; 3                  ; 3                  ;
; Power Optimization During Synthesis                                             ; Normal compilation ; Normal compilation ;
; HDL message level                                                               ; Level2             ; Level2             ;
; Suppress Register Optimization Related Messages                                 ; Off                ; Off                ;
; Number of Removed Registers Reported in Synthesis Report                        ; 5000               ; 5000               ;
; Number of Swept Nodes Reported in Synthesis Report                              ; 5000               ; 5000               ;
; Number of Inverted Registers Reported in Synthesis Report                       ; 100                ; 100                ;
; Clock MUX Protection                                                            ; On                 ; On                 ;
; Auto Gated Clock Conversion                                                     ; Off                ; Off                ;
; Block Design Naming                                                             ; Auto               ; Auto               ;
; SDC constraint protection                                                       ; Off                ; Off                ;
; Synthesis Effort                                                                ; Auto               ; Auto               ;
; Shift Register Replacement - Allow Asynchronous Clear Signal                    ; On                 ; On                 ;
; Pre-Mapping Resynthesis Optimization                                            ; Off                ; Off                ;
; Analysis & Synthesis Message Level                                              ; Medium             ; Medium             ;
; Disable Register Merging Across Hierarchies                                     ; Auto               ; Auto               ;
; Resource Aware Inference For Block RAM                                          ; On                 ; On                 ;
; Automatic Parallel Synthesis                                                    ; On                 ; On                 ;
; Partial Reconfiguration Bitstream ID                                            ; Off                ; Off                ;
+---------------------------------------------------------------------------------+--------------------+--------------------+


+---------------------------------------------------------------------------------------+
; Port Connectivity Checks: "temporizador_15s:u_timer|contador_4bit:ucnt|flip_flop:ff3" ;
+------+--------+----------+------------------------------------------------------------+
; Port ; Type   ; Severity ; Details                                                    ;
+------+--------+----------+------------------------------------------------------------+
; PRE  ; Input  ; Info     ; Stuck at VCC                                               ;
; nQ   ; Output ; Info     ; Explicitly unconnected                                     ;
+------+--------+----------+------------------------------------------------------------+


+---------------------------------------------------------------------------------------+
; Port Connectivity Checks: "temporizador_15s:u_timer|contador_4bit:ucnt|flip_flop:ff2" ;
+------+--------+----------+------------------------------------------------------------+
; Port ; Type   ; Severity ; Details                                                    ;
+------+--------+----------+------------------------------------------------------------+
; PRE  ; Input  ; Info     ; Stuck at VCC                                               ;
; nQ   ; Output ; Info     ; Explicitly unconnected                                     ;
+------+--------+----------+------------------------------------------------------------+


+---------------------------------------------------------------------------------------+
; Port Connectivity Checks: "temporizador_15s:u_timer|contador_4bit:ucnt|flip_flop:ff1" ;
+------+--------+----------+------------------------------------------------------------+
; Port ; Type   ; Severity ; Details                                                    ;
+------+--------+----------+------------------------------------------------------------+
; PRE  ; Input  ; Info     ; Stuck at VCC                                               ;
; nQ   ; Output ; Info     ; Explicitly unconnected                                     ;
+------+--------+----------+------------------------------------------------------------+


+---------------------------------------------------------------------------------------+
; Port Connectivity Checks: "temporizador_15s:u_timer|contador_4bit:ucnt|flip_flop:ff0" ;
+------+--------+----------+------------------------------------------------------------+
; Port ; Type   ; Severity ; Details                                                    ;
+------+--------+----------+------------------------------------------------------------+
; PRE  ; Input  ; Info     ; Stuck at VCC                                               ;
; nQ   ; Output ; Info     ; Explicitly unconnected                                     ;
+------+--------+----------+------------------------------------------------------------+


+------------------------------------------------------------------------------------------+
; Port Connectivity Checks: "temporizador_15s:u_timer|divisor_1hz_50m:udiv|flip_flop:ff25" ;
+------+--------+----------+---------------------------------------------------------------+
; Port ; Type   ; Severity ; Details                                                       ;
+------+--------+----------+---------------------------------------------------------------+
; PRE  ; Input  ; Info     ; Stuck at VCC                                                  ;
; nQ   ; Output ; Info     ; Explicitly unconnected                                        ;
+------+--------+----------+---------------------------------------------------------------+


+------------------------------------------------------------------------------------------+
; Port Connectivity Checks: "temporizador_15s:u_timer|divisor_1hz_50m:udiv|flip_flop:ff24" ;
+------+--------+----------+---------------------------------------------------------------+
; Port ; Type   ; Severity ; Details                                                       ;
+------+--------+----------+---------------------------------------------------------------+
; PRE  ; Input  ; Info     ; Stuck at VCC                                                  ;
; nQ   ; Output ; Info     ; Explicitly unconnected                                        ;
+------+--------+----------+---------------------------------------------------------------+


+------------------------------------------------------------------------------------------+
; Port Connectivity Checks: "temporizador_15s:u_timer|divisor_1hz_50m:udiv|flip_flop:ff23" ;
+------+--------+----------+---------------------------------------------------------------+
; Port ; Type   ; Severity ; Details                                                       ;
+------+--------+----------+---------------------------------------------------------------+
; PRE  ; Input  ; Info     ; Stuck at VCC                                                  ;
; nQ   ; Output ; Info     ; Explicitly unconnected                                        ;
+------+--------+----------+---------------------------------------------------------------+


+------------------------------------------------------------------------------------------+
; Port Connectivity Checks: "temporizador_15s:u_timer|divisor_1hz_50m:udiv|flip_flop:ff22" ;
+------+--------+----------+---------------------------------------------------------------+
; Port ; Type   ; Severity ; Details                                                       ;
+------+--------+----------+---------------------------------------------------------------+
; PRE  ; Input  ; Info     ; Stuck at VCC                                                  ;
; nQ   ; Output ; Info     ; Explicitly unconnected                                        ;
+------+--------+----------+---------------------------------------------------------------+


+------------------------------------------------------------------------------------------+
; Port Connectivity Checks: "temporizador_15s:u_timer|divisor_1hz_50m:udiv|flip_flop:ff21" ;
+------+--------+----------+---------------------------------------------------------------+
; Port ; Type   ; Severity ; Details                                                       ;
+------+--------+----------+---------------------------------------------------------------+
; PRE  ; Input  ; Info     ; Stuck at VCC                                                  ;
; nQ   ; Output ; Info     ; Explicitly unconnected                                        ;
+------+--------+----------+---------------------------------------------------------------+


+------------------------------------------------------------------------------------------+
; Port Connectivity Checks: "temporizador_15s:u_timer|divisor_1hz_50m:udiv|flip_flop:ff20" ;
+------+--------+----------+---------------------------------------------------------------+
; Port ; Type   ; Severity ; Details                                                       ;
+------+--------+----------+---------------------------------------------------------------+
; PRE  ; Input  ; Info     ; Stuck at VCC                                                  ;
; nQ   ; Output ; Info     ; Explicitly unconnected                                        ;
+------+--------+----------+---------------------------------------------------------------+


+------------------------------------------------------------------------------------------+
; Port Connectivity Checks: "temporizador_15s:u_timer|divisor_1hz_50m:udiv|flip_flop:ff19" ;
+------+--------+----------+---------------------------------------------------------------+
; Port ; Type   ; Severity ; Details                                                       ;
+------+--------+----------+---------------------------------------------------------------+
; PRE  ; Input  ; Info     ; Stuck at VCC                                                  ;
; nQ   ; Output ; Info     ; Explicitly unconnected                                        ;
+------+--------+----------+---------------------------------------------------------------+


+------------------------------------------------------------------------------------------+
; Port Connectivity Checks: "temporizador_15s:u_timer|divisor_1hz_50m:udiv|flip_flop:ff18" ;
+------+--------+----------+---------------------------------------------------------------+
; Port ; Type   ; Severity ; Details                                                       ;
+------+--------+----------+---------------------------------------------------------------+
; PRE  ; Input  ; Info     ; Stuck at VCC                                                  ;
; nQ   ; Output ; Info     ; Explicitly unconnected                                        ;
+------+--------+----------+---------------------------------------------------------------+


+------------------------------------------------------------------------------------------+
; Port Connectivity Checks: "temporizador_15s:u_timer|divisor_1hz_50m:udiv|flip_flop:ff17" ;
+------+--------+----------+---------------------------------------------------------------+
; Port ; Type   ; Severity ; Details                                                       ;
+------+--------+----------+---------------------------------------------------------------+
; PRE  ; Input  ; Info     ; Stuck at VCC                                                  ;
; nQ   ; Output ; Info     ; Explicitly unconnected                                        ;
+------+--------+----------+---------------------------------------------------------------+


+------------------------------------------------------------------------------------------+
; Port Connectivity Checks: "temporizador_15s:u_timer|divisor_1hz_50m:udiv|flip_flop:ff16" ;
+------+--------+----------+---------------------------------------------------------------+
; Port ; Type   ; Severity ; Details                                                       ;
+------+--------+----------+---------------------------------------------------------------+
; PRE  ; Input  ; Info     ; Stuck at VCC                                                  ;
; nQ   ; Output ; Info     ; Explicitly unconnected                                        ;
+------+--------+----------+---------------------------------------------------------------+


+------------------------------------------------------------------------------------------+
; Port Connectivity Checks: "temporizador_15s:u_timer|divisor_1hz_50m:udiv|flip_flop:ff15" ;
+------+--------+----------+---------------------------------------------------------------+
; Port ; Type   ; Severity ; Details                                                       ;
+------+--------+----------+---------------------------------------------------------------+
; PRE  ; Input  ; Info     ; Stuck at VCC                                                  ;
; nQ   ; Output ; Info     ; Explicitly unconnected                                        ;
+------+--------+----------+---------------------------------------------------------------+


+------------------------------------------------------------------------------------------+
; Port Connectivity Checks: "temporizador_15s:u_timer|divisor_1hz_50m:udiv|flip_flop:ff14" ;
+------+--------+----------+---------------------------------------------------------------+
; Port ; Type   ; Severity ; Details                                                       ;
+------+--------+----------+---------------------------------------------------------------+
; PRE  ; Input  ; Info     ; Stuck at VCC                                                  ;
; nQ   ; Output ; Info     ; Explicitly unconnected                                        ;
+------+--------+----------+---------------------------------------------------------------+


+------------------------------------------------------------------------------------------+
; Port Connectivity Checks: "temporizador_15s:u_timer|divisor_1hz_50m:udiv|flip_flop:ff13" ;
+------+--------+----------+---------------------------------------------------------------+
; Port ; Type   ; Severity ; Details                                                       ;
+------+--------+----------+---------------------------------------------------------------+
; PRE  ; Input  ; Info     ; Stuck at VCC                                                  ;
; nQ   ; Output ; Info     ; Explicitly unconnected                                        ;
+------+--------+----------+---------------------------------------------------------------+


+------------------------------------------------------------------------------------------+
; Port Connectivity Checks: "temporizador_15s:u_timer|divisor_1hz_50m:udiv|flip_flop:ff12" ;
+------+--------+----------+---------------------------------------------------------------+
; Port ; Type   ; Severity ; Details                                                       ;
+------+--------+----------+---------------------------------------------------------------+
; PRE  ; Input  ; Info     ; Stuck at VCC                                                  ;
; nQ   ; Output ; Info     ; Explicitly unconnected                                        ;
+------+--------+----------+---------------------------------------------------------------+


+------------------------------------------------------------------------------------------+
; Port Connectivity Checks: "temporizador_15s:u_timer|divisor_1hz_50m:udiv|flip_flop:ff11" ;
+------+--------+----------+---------------------------------------------------------------+
; Port ; Type   ; Severity ; Details                                                       ;
+------+--------+----------+---------------------------------------------------------------+
; PRE  ; Input  ; Info     ; Stuck at VCC                                                  ;
; nQ   ; Output ; Info     ; Explicitly unconnected                                        ;
+------+--------+----------+---------------------------------------------------------------+


+------------------------------------------------------------------------------------------+
; Port Connectivity Checks: "temporizador_15s:u_timer|divisor_1hz_50m:udiv|flip_flop:ff10" ;
+------+--------+----------+---------------------------------------------------------------+
; Port ; Type   ; Severity ; Details                                                       ;
+------+--------+----------+---------------------------------------------------------------+
; PRE  ; Input  ; Info     ; Stuck at VCC                                                  ;
; nQ   ; Output ; Info     ; Explicitly unconnected                                        ;
+------+--------+----------+---------------------------------------------------------------+


+-----------------------------------------------------------------------------------------+
; Port Connectivity Checks: "temporizador_15s:u_timer|divisor_1hz_50m:udiv|flip_flop:ff9" ;
+------+--------+----------+--------------------------------------------------------------+
; Port ; Type   ; Severity ; Details                                                      ;
+------+--------+----------+--------------------------------------------------------------+
; PRE  ; Input  ; Info     ; Stuck at VCC                                                 ;
; nQ   ; Output ; Info     ; Explicitly unconnected                                       ;
+------+--------+----------+--------------------------------------------------------------+


+-----------------------------------------------------------------------------------------+
; Port Connectivity Checks: "temporizador_15s:u_timer|divisor_1hz_50m:udiv|flip_flop:ff8" ;
+------+--------+----------+--------------------------------------------------------------+
; Port ; Type   ; Severity ; Details                                                      ;
+------+--------+----------+--------------------------------------------------------------+
; PRE  ; Input  ; Info     ; Stuck at VCC                                                 ;
; nQ   ; Output ; Info     ; Explicitly unconnected                                       ;
+------+--------+----------+--------------------------------------------------------------+


+-----------------------------------------------------------------------------------------+
; Port Connectivity Checks: "temporizador_15s:u_timer|divisor_1hz_50m:udiv|flip_flop:ff7" ;
+------+--------+----------+--------------------------------------------------------------+
; Port ; Type   ; Severity ; Details                                                      ;
+------+--------+----------+--------------------------------------------------------------+
; PRE  ; Input  ; Info     ; Stuck at VCC                                                 ;
; nQ   ; Output ; Info     ; Explicitly unconnected                                       ;
+------+--------+----------+--------------------------------------------------------------+


+-----------------------------------------------------------------------------------------+
; Port Connectivity Checks: "temporizador_15s:u_timer|divisor_1hz_50m:udiv|flip_flop:ff6" ;
+------+--------+----------+--------------------------------------------------------------+
; Port ; Type   ; Severity ; Details                                                      ;
+------+--------+----------+--------------------------------------------------------------+
; PRE  ; Input  ; Info     ; Stuck at VCC                                                 ;
; nQ   ; Output ; Info     ; Explicitly unconnected                                       ;
+------+--------+----------+--------------------------------------------------------------+


+-----------------------------------------------------------------------------------------+
; Port Connectivity Checks: "temporizador_15s:u_timer|divisor_1hz_50m:udiv|flip_flop:ff5" ;
+------+--------+----------+--------------------------------------------------------------+
; Port ; Type   ; Severity ; Details                                                      ;
+------+--------+----------+--------------------------------------------------------------+
; PRE  ; Input  ; Info     ; Stuck at VCC                                                 ;
; nQ   ; Output ; Info     ; Explicitly unconnected                                       ;
+------+--------+----------+--------------------------------------------------------------+


+-----------------------------------------------------------------------------------------+
; Port Connectivity Checks: "temporizador_15s:u_timer|divisor_1hz_50m:udiv|flip_flop:ff4" ;
+------+--------+----------+--------------------------------------------------------------+
; Port ; Type   ; Severity ; Details                                                      ;
+------+--------+----------+--------------------------------------------------------------+
; PRE  ; Input  ; Info     ; Stuck at VCC                                                 ;
; nQ   ; Output ; Info     ; Explicitly unconnected                                       ;
+------+--------+----------+--------------------------------------------------------------+


+-----------------------------------------------------------------------------------------+
; Port Connectivity Checks: "temporizador_15s:u_timer|divisor_1hz_50m:udiv|flip_flop:ff3" ;
+------+--------+----------+--------------------------------------------------------------+
; Port ; Type   ; Severity ; Details                                                      ;
+------+--------+----------+--------------------------------------------------------------+
; PRE  ; Input  ; Info     ; Stuck at VCC                                                 ;
; nQ   ; Output ; Info     ; Explicitly unconnected                                       ;
+------+--------+----------+--------------------------------------------------------------+


+-----------------------------------------------------------------------------------------+
; Port Connectivity Checks: "temporizador_15s:u_timer|divisor_1hz_50m:udiv|flip_flop:ff2" ;
+------+--------+----------+--------------------------------------------------------------+
; Port ; Type   ; Severity ; Details                                                      ;
+------+--------+----------+--------------------------------------------------------------+
; PRE  ; Input  ; Info     ; Stuck at VCC                                                 ;
; nQ   ; Output ; Info     ; Explicitly unconnected                                       ;
+------+--------+----------+--------------------------------------------------------------+


+-----------------------------------------------------------------------------------------+
; Port Connectivity Checks: "temporizador_15s:u_timer|divisor_1hz_50m:udiv|flip_flop:ff1" ;
+------+--------+----------+--------------------------------------------------------------+
; Port ; Type   ; Severity ; Details                                                      ;
+------+--------+----------+--------------------------------------------------------------+
; PRE  ; Input  ; Info     ; Stuck at VCC                                                 ;
; nQ   ; Output ; Info     ; Explicitly unconnected                                       ;
+------+--------+----------+--------------------------------------------------------------+


+-----------------------------------------------------------------------------------------+
; Port Connectivity Checks: "temporizador_15s:u_timer|divisor_1hz_50m:udiv|flip_flop:ff0" ;
+------+--------+----------+--------------------------------------------------------------+
; Port ; Type   ; Severity ; Details                                                      ;
+------+--------+----------+--------------------------------------------------------------+
; PRE  ; Input  ; Info     ; Stuck at VCC                                                 ;
; nQ   ; Output ; Info     ; Explicitly unconnected                                       ;
+------+--------+----------+--------------------------------------------------------------+


+---------------------------------------------------------------------------------------------------------------------+
; Port Connectivity Checks: "temporizador_15s:u_timer"                                                                ;
+-----------+--------+----------+-------------------------------------------------------------------------------------+
; Port      ; Type   ; Severity ; Details                                                                             ;
+-----------+--------+----------+-------------------------------------------------------------------------------------+
; pulso_1hz ; Output ; Info     ; Connected to dangling logic. Logic that only feeds a dangling port will be removed. ;
+-----------+--------+----------+-------------------------------------------------------------------------------------+


+--------------------------------------------------------+
; Port Connectivity Checks: "fsm_cartas:u_fsm"           ;
+-----------+--------+----------+------------------------+
; Port      ; Type   ; Severity ; Details                ;
+-----------+--------+----------+------------------------+
; state_dbg ; Output ; Info     ; Explicitly unconnected ;
+-----------+--------+----------+------------------------+


+---------------------------------+
; Analysis & Elaboration Messages ;
+---------------------------------+
Info: *******************************************************************
Info: Running Quartus Prime Analysis & Elaboration
    Info: Version 20.1.1 Build 720 11/11/2020 SJ Lite Edition
    Info: Processing started: Thu Oct 09 00:45:02 2025
Info: Command: quartus_map --read_settings_files=on --write_settings_files=off vga -c vga --analysis_and_elaboration
Warning (18236): Number of processors has not been specified which may cause overloading on shared machines.  Set the global assignment NUM_PARALLEL_PROCESSORS in your QSF to an appropriate value for best performance.
Info (20030): Parallel compilation is enabled and will use 16 of the 16 processors detected
Info (12021): Found 1 design units, including 1 entities, in source file tb_juego_memoria.sv
    Info (12023): Found entity 1: tb_juego_memoria_clean File: C:/Users/Yonathan Monge/Desktop/proyectos_quartus/Laboratorio1-Taller-Dise-o/Laboratorio 3/VGA-driver/tb_juego_memoria.sv Line: 9
Info (12021): Found 1 design units, including 1 entities, in source file generador_carta_random.sv
    Info (12023): Found entity 1: generador_carta_random File: C:/Users/Yonathan Monge/Desktop/proyectos_quartus/Laboratorio1-Taller-Dise-o/Laboratorio 3/VGA-driver/generador_carta_random.sv Line: 7
Info (12021): Found 1 design units, including 1 entities, in source file registro_seleccion.sv
    Info (12023): Found entity 1: registro_seleccion File: C:/Users/Yonathan Monge/Desktop/proyectos_quartus/Laboratorio1-Taller-Dise-o/Laboratorio 3/VGA-driver/registro_seleccion.sv Line: 4
Info (12021): Found 1 design units, including 1 entities, in source file puntaje_jugadores.sv
    Info (12023): Found entity 1: puntaje_jugadores File: C:/Users/Yonathan Monge/Desktop/proyectos_quartus/Laboratorio1-Taller-Dise-o/Laboratorio 3/VGA-driver/puntaje_jugadores.sv Line: 4
Info (12021): Found 1 design units, including 1 entities, in source file puntaje_display.sv
    Info (12023): Found entity 1: puntaje_display File: C:/Users/Yonathan Monge/Desktop/proyectos_quartus/Laboratorio1-Taller-Dise-o/Laboratorio 3/VGA-driver/puntaje_display.sv Line: 5
Info (12021): Found 1 design units, including 1 entities, in source file juego_memoria.sv
    Info (12023): Found entity 1: juego_memoria File: C:/Users/Yonathan Monge/Desktop/proyectos_quartus/Laboratorio1-Taller-Dise-o/Laboratorio 3/VGA-driver/juego_memoria.sv Line: 6
Info (12021): Found 1 design units, including 1 entities, in source file estado_cartas.sv
    Info (12023): Found entity 1: estado_cartas File: C:/Users/Yonathan Monge/Desktop/proyectos_quartus/Laboratorio1-Taller-Dise-o/Laboratorio 3/VGA-driver/estado_cartas.sv Line: 4
Info (12021): Found 1 design units, including 1 entities, in source file control_cursor.sv
    Info (12023): Found entity 1: control_cursor File: C:/Users/Yonathan Monge/Desktop/proyectos_quartus/Laboratorio1-Taller-Dise-o/Laboratorio 3/VGA-driver/control_cursor.sv Line: 6
Info (12021): Found 1 design units, including 1 entities, in source file temporizador_15s.sv
    Info (12023): Found entity 1: temporizador_15s File: C:/Users/Yonathan Monge/Desktop/proyectos_quartus/Laboratorio1-Taller-Dise-o/Laboratorio 3/VGA-driver/temporizador_15s.sv Line: 1
Info (12021): Found 1 design units, including 1 entities, in source file tb_fsm_cartas.sv
    Info (12023): Found entity 1: tb_fsm_cartas File: C:/Users/Yonathan Monge/Desktop/proyectos_quartus/Laboratorio1-Taller-Dise-o/Laboratorio 3/VGA-driver/tb_fsm_cartas.sv Line: 4
Info (12021): Found 1 design units, including 1 entities, in source file fsm_cartas.sv
    Info (12023): Found entity 1: fsm_cartas File: C:/Users/Yonathan Monge/Desktop/proyectos_quartus/Laboratorio1-Taller-Dise-o/Laboratorio 3/VGA-driver/fsm_cartas.sv Line: 2
Info (12021): Found 1 design units, including 1 entities, in source file flip_flop.sv
    Info (12023): Found entity 1: flip_flop File: C:/Users/Yonathan Monge/Desktop/proyectos_quartus/Laboratorio1-Taller-Dise-o/Laboratorio 3/VGA-driver/flip_flop.sv Line: 1
Info (12021): Found 1 design units, including 1 entities, in source file divisor_1hz_50m.sv
    Info (12023): Found entity 1: divisor_1hz_50m File: C:/Users/Yonathan Monge/Desktop/proyectos_quartus/Laboratorio1-Taller-Dise-o/Laboratorio 3/VGA-driver/divisor_1hz_50m.sv Line: 3
Info (12021): Found 1 design units, including 1 entities, in source file contador_4bit.sv
    Info (12023): Found entity 1: contador_4bit File: C:/Users/Yonathan Monge/Desktop/proyectos_quartus/Laboratorio1-Taller-Dise-o/Laboratorio 3/VGA-driver/contador_4bit.sv Line: 1
Info (12021): Found 1 design units, including 1 entities, in source file bcd_contador_r.sv
    Info (12023): Found entity 1: bcd_contador_R File: C:/Users/Yonathan Monge/Desktop/proyectos_quartus/Laboratorio1-Taller-Dise-o/Laboratorio 3/VGA-driver/bcd_contador_R.sv Line: 3
Info (12021): Found 1 design units, including 1 entities, in source file bcd_contador_l.sv
    Info (12023): Found entity 1: bcd_contador_L File: C:/Users/Yonathan Monge/Desktop/proyectos_quartus/Laboratorio1-Taller-Dise-o/Laboratorio 3/VGA-driver/bcd_contador_L.sv Line: 4
Info (12021): Found 3 design units, including 3 entities, in source file vga.sv
    Info (12023): Found entity 1: vga File: C:/Users/Yonathan Monge/Desktop/proyectos_quartus/Laboratorio1-Taller-Dise-o/Laboratorio 3/VGA-driver/vga.sv Line: 4
    Info (12023): Found entity 2: vgaController File: C:/Users/Yonathan Monge/Desktop/proyectos_quartus/Laboratorio1-Taller-Dise-o/Laboratorio 3/VGA-driver/vga.sv Line: 42
    Info (12023): Found entity 3: videoGen File: C:/Users/Yonathan Monge/Desktop/proyectos_quartus/Laboratorio1-Taller-Dise-o/Laboratorio 3/VGA-driver/vga.sv Line: 96
Info (12021): Found 1 design units, including 1 entities, in source file tb_vga_to_ppm.sv
    Info (12023): Found entity 1: tb_vga_to_ppm File: C:/Users/Yonathan Monge/Desktop/proyectos_quartus/Laboratorio1-Taller-Dise-o/Laboratorio 3/VGA-driver/tb_vga_to_ppm.sv Line: 4
Info (12127): Elaborating entity "juego_memoria" for the top level hierarchy
Info (12128): Elaborating entity "control_cursor" for hierarchy "control_cursor:u_cursor" File: C:/Users/Yonathan Monge/Desktop/proyectos_quartus/Laboratorio1-Taller-Dise-o/Laboratorio 3/VGA-driver/juego_memoria.sv Line: 77
Info (10264): Verilog HDL Case Statement information at control_cursor.sv(26): all case item expressions in this case statement are onehot File: C:/Users/Yonathan Monge/Desktop/proyectos_quartus/Laboratorio1-Taller-Dise-o/Laboratorio 3/VGA-driver/control_cursor.sv Line: 26
Info (10264): Verilog HDL Case Statement information at control_cursor.sv(39): all case item expressions in this case statement are onehot File: C:/Users/Yonathan Monge/Desktop/proyectos_quartus/Laboratorio1-Taller-Dise-o/Laboratorio 3/VGA-driver/control_cursor.sv Line: 39
Info (12128): Elaborating entity "fsm_cartas" for hierarchy "fsm_cartas:u_fsm" File: C:/Users/Yonathan Monge/Desktop/proyectos_quartus/Laboratorio1-Taller-Dise-o/Laboratorio 3/VGA-driver/juego_memoria.sv Line: 101
Info (12128): Elaborating entity "temporizador_15s" for hierarchy "temporizador_15s:u_timer" File: C:/Users/Yonathan Monge/Desktop/proyectos_quartus/Laboratorio1-Taller-Dise-o/Laboratorio 3/VGA-driver/juego_memoria.sv Line: 116
Info (12128): Elaborating entity "divisor_1hz_50m" for hierarchy "temporizador_15s:u_timer|divisor_1hz_50m:udiv" File: C:/Users/Yonathan Monge/Desktop/proyectos_quartus/Laboratorio1-Taller-Dise-o/Laboratorio 3/VGA-driver/temporizador_15s.sv Line: 18
Info (12128): Elaborating entity "flip_flop" for hierarchy "temporizador_15s:u_timer|divisor_1hz_50m:udiv|flip_flop:ff0" File: C:/Users/Yonathan Monge/Desktop/proyectos_quartus/Laboratorio1-Taller-Dise-o/Laboratorio 3/VGA-driver/divisor_1hz_50m.sv Line: 117
Info (12128): Elaborating entity "contador_4bit" for hierarchy "temporizador_15s:u_timer|contador_4bit:ucnt" File: C:/Users/Yonathan Monge/Desktop/proyectos_quartus/Laboratorio1-Taller-Dise-o/Laboratorio 3/VGA-driver/temporizador_15s.sv Line: 29
Info (12128): Elaborating entity "bcd_contador_L" for hierarchy "temporizador_15s:u_timer|bcd_contador_L:uL" File: C:/Users/Yonathan Monge/Desktop/proyectos_quartus/Laboratorio1-Taller-Dise-o/Laboratorio 3/VGA-driver/temporizador_15s.sv Line: 40
Info (12128): Elaborating entity "bcd_contador_R" for hierarchy "temporizador_15s:u_timer|bcd_contador_R:uR" File: C:/Users/Yonathan Monge/Desktop/proyectos_quartus/Laboratorio1-Taller-Dise-o/Laboratorio 3/VGA-driver/temporizador_15s.sv Line: 45
Info (12128): Elaborating entity "registro_seleccion" for hierarchy "registro_seleccion:u_latch1" File: C:/Users/Yonathan Monge/Desktop/proyectos_quartus/Laboratorio1-Taller-Dise-o/Laboratorio 3/VGA-driver/juego_memoria.sv Line: 167
Info (12128): Elaborating entity "estado_cartas" for hierarchy "estado_cartas:u_estado" File: C:/Users/Yonathan Monge/Desktop/proyectos_quartus/Laboratorio1-Taller-Dise-o/Laboratorio 3/VGA-driver/juego_memoria.sv Line: 201
Info (12128): Elaborating entity "generador_carta_random" for hierarchy "generador_carta_random:u_rng" File: C:/Users/Yonathan Monge/Desktop/proyectos_quartus/Laboratorio1-Taller-Dise-o/Laboratorio 3/VGA-driver/juego_memoria.sv Line: 211
Info (12128): Elaborating entity "puntaje_jugadores" for hierarchy "puntaje_jugadores:u_puntaje" File: C:/Users/Yonathan Monge/Desktop/proyectos_quartus/Laboratorio1-Taller-Dise-o/Laboratorio 3/VGA-driver/juego_memoria.sv Line: 224
Info (12128): Elaborating entity "puntaje_display" for hierarchy "puntaje_display:u_puntajes_seg" File: C:/Users/Yonathan Monge/Desktop/proyectos_quartus/Laboratorio1-Taller-Dise-o/Laboratorio 3/VGA-driver/juego_memoria.sv Line: 234
Info: Quartus Prime Analysis & Elaboration was successful. 0 errors, 1 warning
    Info: Peak virtual memory: 4778 megabytes
    Info: Processing ended: Thu Oct 09 00:45:08 2025
    Info: Elapsed time: 00:00:06
    Info: Total CPU time (on all processors): 00:00:15


